// Jest Snapshot v1, https://goo.gl/fbAQLP

exports[`Reset 1`] = `ShallowWrapper {}`;
