// Jest Snapshot v1, https://goo.gl/fbAQLP

exports[`Dashboard 1`] = `ShallowWrapper {}`;
