// Jest Snapshot v1, https://goo.gl/fbAQLP

exports[`Retrieve 1`] = `ShallowWrapper {}`;
