// Jest Snapshot v1, https://goo.gl/fbAQLP

exports[`Upload 1`] = `ShallowWrapper {}`;
