// Jest Snapshot v1, https://goo.gl/fbAQLP

exports[`Register 1`] = `ShallowWrapper {}`;
